// Vitest Snapshot v1, https://vitest.dev/guide/snapshot.html

exports[`Product Page > renders product page 1`] = `
<div>
  <main
    class="_main_6adc08"
  >
    <img
      src="/error.png"
    />
    <h1>
      Oh no, this page doesn't exist!
    </h1>
    <p>
      You can go back to the home page by clicking 
      <a
        data-discover="true"
        href="/"
      >
        here
      </a>
      !
    </p>
  </main>
</div>
`;
